10:19:02 **** Build of configuration Debug for project mixer ****
make all 
'Building file: ../src/InterruptControl/intc.c'
'Invoking: MicroBlaze gcc compiler'
mb-gcc -Wall -O0 -g3 -c -fmessage-length=0 -MT"src/InterruptControl/intc.o" -I../../mixer_bsp/microblaze_0/include -mlittle-endian -mxl-barrel-shift -mxl-pattern-compare -mno-xl-soft-div -mcpu=v10.0 -mno-xl-soft-mul -mxl-multiply-high -mhard-float -mxl-float-convert -mxl-float-sqrt -Wl,--no-relax -ffunction-sections -fdata-sections -MMD -MP -MF"src/InterruptControl/intc.d" -MT"src/InterruptControl/intc.o" -o "src/InterruptControl/intc.o" "../src/InterruptControl/intc.c"
'Finished building: ../src/InterruptControl/intc.c'
' '
'Building file: ../src/DynamicClockControl/dynclk.c'
'Invoking: MicroBlaze gcc compiler'
mb-gcc -Wall -O0 -g3 -c -fmessage-length=0 -MT"src/DynamicClockControl/dynclk.o" -I../../mixer_bsp/microblaze_0/include -mlittle-endian -mxl-barrel-shift -mxl-pattern-compare -mno-xl-soft-div -mcpu=v10.0 -mno-xl-soft-mul -mxl-multiply-high -mhard-float -mxl-float-convert -mxl-float-sqrt -Wl,--no-relax -ffunction-sections -fdata-sections -MMD -MP -MF"src/DynamicClockControl/dynclk.d" -MT"src/DynamicClockControl/dynclk.o" -o "src/DynamicClockControl/dynclk.o" "../src/DynamicClockControl/dynclk.c"
'Finished building: ../src/DynamicClockControl/dynclk.c'
' '
'Building file: ../src/DisplayControl/display_ctrl.c'
'Invoking: MicroBlaze gcc compiler'
mb-gcc -Wall -O0 -g3 -c -fmessage-length=0 -MT"src/DisplayControl/display_ctrl.o" -I../../mixer_bsp/microblaze_0/include -mlittle-endian -mxl-barrel-shift -mxl-pattern-compare -mno-xl-soft-div -mcpu=v10.0 -mno-xl-soft-mul -mxl-multiply-high -mhard-float -mxl-float-convert -mxl-float-sqrt -Wl,--no-relax -ffunction-sections -fdata-sections -MMD -MP -MF"src/DisplayControl/display_ctrl.d" -MT"src/DisplayControl/display_ctrl.o" -o "src/DisplayControl/display_ctrl.o" "../src/DisplayControl/display_ctrl.c"
'Finished building: ../src/DisplayControl/display_ctrl.c'
' '
'Building file: ../src/helloworld.c'
'Invoking: MicroBlaze gcc compiler'
mb-gcc -Wall -O0 -g3 -c -fmessage-length=0 -MT"src/helloworld.o" -I../../mixer_bsp/microblaze_0/include -mlittle-endian -mxl-barrel-shift -mxl-pattern-compare -mno-xl-soft-div -mcpu=v10.0 -mno-xl-soft-mul -mxl-multiply-high -mhard-float -mxl-float-convert -mxl-float-sqrt -Wl,--no-relax -ffunction-sections -fdata-sections -MMD -MP -MF"src/helloworld.d" -MT"src/helloworld.o" -o "src/helloworld.o" "../src/helloworld.c"
'Finished building: ../src/helloworld.c'
' '
'Building file: ../src/platform.c'
'Invoking: MicroBlaze gcc compiler'
mb-gcc -Wall -O0 -g3 -c -fmessage-length=0 -MT"src/platform.o" -I../../mixer_bsp/microblaze_0/include -mlittle-endian -mxl-barrel-shift -mxl-pattern-compare -mno-xl-soft-div -mcpu=v10.0 -mno-xl-soft-mul -mxl-multiply-high -mhard-float -mxl-float-convert -mxl-float-sqrt -Wl,--no-relax -ffunction-sections -fdata-sections -MMD -MP -MF"src/platform.d" -MT"src/platform.o" -o "src/platform.o" "../src/platform.c"
'Finished building: ../src/platform.c'
' '
'Building target: mixer.elf'
'Invoking: MicroBlaze gcc linker'
mb-gcc -Wl,-T -Wl,../src/lscript.ld -L../../mixer_bsp/microblaze_0/lib -mlittle-endian -mxl-barrel-shift -mxl-pattern-compare -mno-xl-soft-div -mcpu=v10.0 -mno-xl-soft-mul -mxl-multiply-high -mhard-float -mxl-float-convert -mxl-float-sqrt -Wl,--no-relax -Wl,--gc-sections -o "mixer.elf"  ./src/InterruptControl/intc.o  ./src/DynamicClockControl/dynclk.o  ./src/DisplayControl/display_ctrl.o  ./src/helloworld.o ./src/platform.o   -Wl,--start-group,-lxil,-lgcc,-lc,--end-group
'Finished building target: mixer.elf'
' '
'Invoking: MicroBlaze Print Size'
mb-size mixer.elf  |tee "mixer.elf.size"
   text	   data	    bss	    dec	    hex	filename
  27908	    660	2773264	2801832	 2ac0a8	mixer.elf
'Finished building: mixer.elf.size'
' '

10:19:04 Build Finished (took 2s.141ms)

